
> build
> vite build

[36mvite v7.3.1 [32mbuilding client environment for production...[36m[39m
[plugin @laravel/vite-plugin-wayfinder] Types generated for actions, routes, form variants
transforming...
[32mΓ£ô[39m 1413 modules transformed.
node.exe : [31mΓ£ù[39m 
Build failed in 13.15s
At line:1 char:1
+ & "C:\Program 
Files\nodejs/node.exe" 
"C:\Program 
Files\nodejs/node_mo ...
+ ~~~~~~~~~~~~~~~~~~~~~~~~~~~
~~~~~~~~~~~~~~~~~~~~~~~~~~~~~
~~~~~~~~~~~~~
    + CategoryInfo           
   : NotSpecified: ([31mΓ£  
  ù[39m Build failed in 1   
 3.15s:String) [], Remote    
Exception
    + FullyQualifiedErrorId  
   : NativeCommandError
 
[31merror during build:
[31m[vite:load-fallback] 
Could not load /resources/js/
routes/two-factor/login 
(imported by resources/js/pag
es/auth/two-factor-challenge.
tsx): ENOENT: no such file 
or directory, open 'C:\resour
ces\js\routes\two-factor\logi
n'[31m
    at async open (node:inter
nal/fs/promises:642:25)
    at async Object.readFile 
(node:internal/fs/promises:12
79:14)
    at async Object.handler (
file:///C:/laragon/www/dashbo
ardfilament/node_modules/vite
/dist/node/chunks/config.js:3
3169:21)
    at async PluginDriver.hoo
kFirstAndGetPlugin (file:///C
:/laragon/www/dashboardfilame
nt/node_modules/rollup/dist/e
s/shared/node-entry.js:22453:
28)
    at async file:///C:/larag
on/www/dashboardfilament/node
_modules/rollup/dist/es/share
d/node-entry.js:21445:33
    at async Queue.work (file
:///C:/laragon/www/dashboardf
ilament/node_modules/rollup/d
ist/es/shared/node-entry.js:2
2681:32)[39m
